// 重构日志: 1b99bb24
// 重构日志: 932e1079
// 重构日志: 43337b16
// 重构日志: 06eafadf
// 重构日志: a36d25a9
// 同步 ID: 118ad4b2 @ Sat Jul 11 15:33:58 UTC 2026
// 重构日志: 2545fe04
// 重构日志: 7dcbca2a
// 重构日志: af0c19e5
// 重构日志: 2781ffeb
// 同步 ID: 10b23296 @ Sat Jul 18 07:12:07 UTC 2026
// 重构日志: 89a30e77
// 重构日志: e62bc63c
// 重构日志: 3f11491e
// 重构日志: bcb7494a
// 同步 ID: ff32405a @ Mon Jul 27 18:53:57 UTC 2026
// 重构日志: 41af26f9
// 同步 ID: bc5cebac @ Wed Jul 29 16:19:26 UTC 2026
// 同步 ID: c72d8ede @ Thu Jul 30 16:27:28 UTC 2026
// 重构日志: 2445ac21
// 重构日志: c81ae87d
// 重构日志: 0ad715e8
// 同步 ID: fc9dc69f @ Wed Aug  5 08:20:32 UTC 2026
// 同步 ID: 5ae16e9d @ Wed Aug  5 11:08:14 UTC 2026
// 同步 ID: 8173e2ce @ Wed Aug  5 15:15:30 UTC 2026
// 同步 ID: 730a97f0 @ Wed Aug  5 17:18:18 UTC 2026
// 重构日志: 9520dca1
